// Jest Snapshot v1, https://goo.gl/fbAQLP

exports[`Test related to <GifExpertApp /> should mount component <GifExpertApp /> 1`] = `
<Fragment>
  <h2>
    GifExpertApp
  </h2>
  <AddCategory
    setCategories={[Function]}
  />
  <hr />
  <ol />
</Fragment>
`;
