// Jest Snapshot v1, https://goo.gl/fbAQLP

exports[`Test on GifGridItems should mount Component 1`] = `
<div
  className="card animate__animated animate__fadeIn"
>
  <img
    alt="My Title"
    src="https://localhost/my_image.jpg"
  />
  <p>
    My Title
  </p>
</div>
`;
